<?xml version="1.0" encoding="UTF-8"?>
<testsuites name="jest tests" tests="9" failures="1" errors="0" time="4.116">
  <testsuite name="CardParcours Component" errors="0" failures="0" skipped="0" timestamp="2025-01-12T21:14:19" time="1.661" tests="3">
    <testcase classname="CardParcours Component renders the component with all props" name="CardParcours Component renders the component with all props" time="0.111">
    </testcase>
    <testcase classname="CardParcours Component renders the component without optional props" name="CardParcours Component renders the component without optional props" time="0.024">
    </testcase>
    <testcase classname="CardParcours Component does not render the image if picture prop is not provided" name="CardParcours Component does not render the image if picture prop is not provided" time="0.011">
    </testcase>
  </testsuite>
  <testsuite name="CardHalloween" errors="0" failures="0" skipped="0" timestamp="2025-01-12T21:14:19" time="1.868" tests="2">
    <testcase classname="CardHalloween should render component CardHallowen correctly" name="CardHalloween should render component CardHallowen correctly" time="0.187">
    </testcase>
    <testcase classname="CardHalloween should render answer when user click on button answer" name="CardHalloween should render answer when user click on button answer" time="0.095">
    </testcase>
  </testsuite>
  <testsuite name="CardHomepage" errors="0" failures="0" skipped="0" timestamp="2025-01-12T21:14:19" time="1.928" tests="3">
    <testcase classname="CardHomepage should render component CardHomepage correctly" name="CardHomepage should render component CardHomepage correctly" time="0.197">
    </testcase>
    <testcase classname="CardHomepage should good page when user click on link careers" name="CardHomepage should good page when user click on link careers" time="0.083">
    </testcase>
    <testcase classname="CardHomepage should good page when user click on link project" name="CardHomepage should good page when user click on link project" time="0.041">
    </testcase>
  </testsuite>
  <testsuite name="CardRealisation Component" errors="0" failures="1" skipped="0" timestamp="2025-01-12T21:14:19" time="2.202" tests="1">
    <testcase classname="CardRealisation Component renders the title" name="CardRealisation Component renders the title" time="0.227">
      <failure>TestingLibraryElementError: Unable to find an element with the text: : 2 weeks (normalized from &apos; : 2 weeks&apos;). This could be because the text is broken up by multiple elements. In this case, you can provide a function for your text matcher to make your matcher more flexible.

Ignored nodes: comments, script, style
&lt;body&gt;
  &lt;div&gt;
    &lt;div
      class=&quot;allCard&quot;
    &gt;
      &lt;h2
        class=&quot;titleProject&quot;
      &gt;
        Test Project
         
      &lt;/h2&gt;
      &lt;div
        class=&quot;groupTime&quot;
      &gt;
        &lt;div
          class=&quot;groupProject&quot;
        &gt;
          &lt;p&gt;
            &lt;svg
              fill=&quot;currentColor&quot;
              height=&quot;25&quot;
              stroke=&quot;currentColor&quot;
              stroke-width=&quot;0&quot;
              viewBox=&quot;0 0 512 512&quot;
              width=&quot;25&quot;
              xmlns=&quot;http://www.w3.org/2000/svg&quot;
            &gt;
              &lt;circle
                cx=&quot;152&quot;
                cy=&quot;184&quot;
                r=&quot;72&quot;
              /&gt;
              &lt;path
                d=&quot;M234 296c-28.16-14.3-59.24-20-82-20-44.58 0-136 27.34-136 82v42h150v-16.07c0-19 8-38.05 22-53.93 11.17-12.68 26.81-24.45 46-34z&quot;
              /&gt;
              &lt;path
                d=&quot;M340 288c-52.07 0-156 32.16-156 96v48h312v-48c0-63.84-103.93-96-156-96z&quot;
              /&gt;
              &lt;circle
                cx=&quot;340&quot;
                cy=&quot;168&quot;
                r=&quot;88&quot;
              /&gt;
            &lt;/svg&gt;
          &lt;/p&gt;
          &lt;p
            class=&quot;contentGroup&quot;
          &gt;
            : 
            3
          &lt;/p&gt;
        &lt;/div&gt;
        &lt;div
          class=&quot;timeProject&quot;
        &gt;
          &lt;p&gt;
            &lt;svg
              fill=&quot;currentColor&quot;
              height=&quot;25&quot;
              stroke=&quot;currentColor&quot;
              stroke-width=&quot;0&quot;
              viewBox=&quot;0 0 512 512&quot;
              width=&quot;25&quot;
              xmlns=&quot;http://www.w3.org/2000/svg&quot;
            &gt;
              &lt;path
                d=&quot;M256 48C141.13 48 48 141.13 48 256c0 114.69 93.32 208 208 208 114.86 0 208-93.14 208-208 0-114.69-93.31-208-208-208zm108 240H244a4 4 0 0 1-4-4V116a4 4 0 0 1 4-4h24a4 4 0 0 1 4 4v140h92a4 4 0 0 1 4 4v24a4 4 0 0 1-4 4z&quot;
              /&gt;
            &lt;/svg&gt;
          &lt;/p&gt;
          &lt;p
            class=&quot;contentTime&quot;
          &gt;
             : 
            2 weeks
          &lt;/p&gt;
        &lt;/div&gt;
      &lt;/div&gt;
      &lt;a
        class=&quot;linkSite&quot;
        href=&quot;https://test-project.com&quot;
        rel=&quot;noreferrer&quot;
        target=&quot;_blank&quot;
      &gt;
        &lt;img
          alt=&quot;Test Project&quot;
          class=&quot;imgProject&quot;
          data-nimg=&quot;1&quot;
          decoding=&quot;async&quot;
          height=&quot;200&quot;
          src=&quot;/_next/image?url=%2Ftest.png&amp;w=828&amp;q=75&quot;
          srcset=&quot;/_next/image?url=%2Ftest.png&amp;w=640&amp;q=75 1x, /_next/image?url=%2Ftest.png&amp;w=828&amp;q=75 2x&quot;
          style=&quot;color: transparent;&quot;
          width=&quot;400&quot;
        /&gt;
      &lt;/a&gt;
      &lt;p
        class=&quot;problematiqueProject&quot;
      &gt;
        Problématique : 
        Test problematique
      &lt;/p&gt;
      &lt;p
        class=&quot;contentProject&quot;
      &gt;
        This is a test project.
      &lt;/p&gt;
      &lt;div
        class=&quot;gitHub&quot;
      &gt;
        &lt;a
          class=&quot;linkGithub&quot;
          href=&quot;https://github.com/test/test-project&quot;
          rel=&quot;noreferrer&quot;
          target=&quot;_blank&quot;
        &gt;
          &lt;p
            class=&quot;textGithub&quot;
          &gt;
            Front-End
          &lt;/p&gt;
          &lt;svg
            class=&quot;ioLogoGithub&quot;
            fill=&quot;currentColor&quot;
            height=&quot;1em&quot;
            stroke=&quot;currentColor&quot;
            stroke-width=&quot;0&quot;
            viewBox=&quot;0 0 512 512&quot;
            width=&quot;1em&quot;
            xmlns=&quot;http://www.w3.org/2000/svg&quot;
          &gt;
            &lt;path
              d=&quot;M256 32C132.3 32 32 134.9 32 261.7c0 101.5 64.2 187.5 153.2 217.9a17.56 17.56 0 0 0 3.8.4c8.3 0 11.5-6.1 11.5-11.4 0-5.5-.2-19.9-.3-39.1a102.4 102.4 0 0 1-22.6 2.7c-43.1 0-52.9-33.5-52.9-33.5-10.2-26.5-24.9-33.6-24.9-33.6-19.5-13.7-.1-14.1 1.4-14.1h.1c22.5 2 34.3 23.8 34.3 23.8 11.2 19.6 26.2 25.1 39.6 25.1a63 63 0 0 0 25.6-6c2-14.8 7.8-24.9 14.2-30.7-49.7-5.8-102-25.5-102-113.5 0-25.1 8.7-45.6 23-61.6-2.3-5.8-10-29.2 2.2-60.8a18.64 18.64 0 0 1 5-.5c8.1 0 26.4 3.1 56.6 24.1a208.21 208.21 0 0 1 112.2 0c30.2-21 48.5-24.1 56.6-24.1a18.64 18.64 0 0 1 5 .5c12.2 31.6 4.5 55 2.2 60.8 14.3 16.1 23 36.6 23 61.6 0 88.2-52.4 107.6-102.3 113.3 8 7.1 15.2 21.1 15.2 42.5 0 30.7-.3 55.5-.3 63 0 5.4 3.1 11.5 11.4 11.5a19.35 19.35 0 0 0 4-.4C415.9 449.2 480 363.1 480 261.7 480 134.9 379.7 32 256 32z&quot;
            /&gt;
          &lt;/svg&gt;
        &lt;/a&gt;
        &lt;a
          class=&quot;linkGithub&quot;
          href=&quot;https://github.com/test/test-project-backend&quot;
          rel=&quot;noreferrer&quot;
          target=&quot;_blank&quot;
        &gt;
          &lt;p
            class=&quot;textGithub&quot;
          &gt;
            Back-End
          &lt;/p&gt;
          &lt;svg
            class=&quot;ioLogoGithub&quot;
            fill=&quot;currentColor&quot;
            height=&quot;1em&quot;
            stroke=&quot;currentColor&quot;
            stroke-width=&quot;0&quot;
            viewBox=&quot;0 0 512 512&quot;
            width=&quot;1em&quot;
            xmlns=&quot;http://www.w3.org/2000/svg&quot;
          &gt;
            &lt;path
              d=&quot;M256 32C132.3 32 32 134.9 32 261.7c0 101.5 64.2 187.5 153.2 217.9a17.56 17.56 0 0 0 3.8.4c8.3 0 11.5-6.1 11.5-11.4 0-5.5-.2-19.9-.3-39.1a102.4 102.4 0 0 1-22.6 2.7c-43.1 0-52.9-33.5-52.9-33.5-10.2-26.5-24.9-33.6-24.9-33.6-19.5-13.7-.1-14.1 1.4-14.1h.1c22.5 2 34.3 23.8 34.3 23.8 11.2 19.6 26.2 25.1 39.6 25.1a63 63 0 0 0 25.6-6c2-14.8 7.8-24.9 14.2-30.7-49.7-5.8-102-25.5-102-113.5 0-25.1 8.7-45.6 23-61.6-2.3-5.8-10-29.2 2.2-60.8a18.64 18.64 0 0 1 5-.5c8.1 0 26.4 3.1 56.6 24.1a208.21 208.21 0 0 1 112.2 0c30.2-21 48.5-24.1 56.6-24.1a18.64 18.64 0 0 1 5 .5c12.2 31.6 4.5 55 2.2 60.8 14.3 16.1 23 36.6 23 61.6 0 88.2-52.4 107.6-102.3 113.3 8 7.1 15.2 21.1 15.2 42.5 0 30.7-.3 55.5-.3 63 0 5.4 3.1 11.5 11.4 11.5a19.35 19.35 0 0 0 4-.4C415.9 449.2 480 363.1 480 261.7 480 134.9 379.7 32 256 32z&quot;
            /&gt;
          &lt;/svg&gt;
        &lt;/a&gt;
      &lt;/div&gt;
    &lt;/div&gt;
  &lt;/div&gt;
&lt;/body&gt;
    at Object.getElementError (/home/marion/Code-Sources/projectsPerso/my-portfolio/node_modules/.pnpm/@testing-library+dom@10.4.0/node_modules/@testing-library/dom/dist/config.js:37:19)
    at /home/marion/Code-Sources/projectsPerso/my-portfolio/node_modules/.pnpm/@testing-library+dom@10.4.0/node_modules/@testing-library/dom/dist/query-helpers.js:76:38
    at /home/marion/Code-Sources/projectsPerso/my-portfolio/node_modules/.pnpm/@testing-library+dom@10.4.0/node_modules/@testing-library/dom/dist/query-helpers.js:52:17
    at /home/marion/Code-Sources/projectsPerso/my-portfolio/node_modules/.pnpm/@testing-library+dom@10.4.0/node_modules/@testing-library/dom/dist/query-helpers.js:95:19
    at Object.getByText (/home/marion/Code-Sources/projectsPerso/my-portfolio/src/components/CardRealisation/cardRealisation.spec.tsx:40:12)
    at Promise.then.completed (/home/marion/Code-Sources/projectsPerso/my-portfolio/node_modules/.pnpm/jest-circus@29.7.0/node_modules/jest-circus/build/utils.js:298:28)
    at new Promise (&lt;anonymous&gt;)
    at callAsyncCircusFn (/home/marion/Code-Sources/projectsPerso/my-portfolio/node_modules/.pnpm/jest-circus@29.7.0/node_modules/jest-circus/build/utils.js:231:10)
    at _callCircusTest (/home/marion/Code-Sources/projectsPerso/my-portfolio/node_modules/.pnpm/jest-circus@29.7.0/node_modules/jest-circus/build/run.js:316:40)
    at processTicksAndRejections (node:internal/process/task_queues:105:5)
    at _runTest (/home/marion/Code-Sources/projectsPerso/my-portfolio/node_modules/.pnpm/jest-circus@29.7.0/node_modules/jest-circus/build/run.js:252:3)
    at _runTestsForDescribeBlock (/home/marion/Code-Sources/projectsPerso/my-portfolio/node_modules/.pnpm/jest-circus@29.7.0/node_modules/jest-circus/build/run.js:126:9)
    at _runTestsForDescribeBlock (/home/marion/Code-Sources/projectsPerso/my-portfolio/node_modules/.pnpm/jest-circus@29.7.0/node_modules/jest-circus/build/run.js:121:9)
    at run (/home/marion/Code-Sources/projectsPerso/my-portfolio/node_modules/.pnpm/jest-circus@29.7.0/node_modules/jest-circus/build/run.js:71:3)
    at runAndTransformResultsToJestFormat (/home/marion/Code-Sources/projectsPerso/my-portfolio/node_modules/.pnpm/jest-circus@29.7.0/node_modules/jest-circus/build/legacy-code-todo-rewrite/jestAdapterInit.js:122:21)
    at jestAdapter (/home/marion/Code-Sources/projectsPerso/my-portfolio/node_modules/.pnpm/jest-circus@29.7.0/node_modules/jest-circus/build/legacy-code-todo-rewrite/jestAdapter.js:79:19)
    at runTestInternal (/home/marion/Code-Sources/projectsPerso/my-portfolio/node_modules/.pnpm/jest-runner@29.7.0/node_modules/jest-runner/build/runTest.js:367:16)
    at runTest (/home/marion/Code-Sources/projectsPerso/my-portfolio/node_modules/.pnpm/jest-runner@29.7.0/node_modules/jest-runner/build/runTest.js:444:34)
    at Object.worker (/home/marion/Code-Sources/projectsPerso/my-portfolio/node_modules/.pnpm/jest-runner@29.7.0/node_modules/jest-runner/build/testWorker.js:106:12)</failure>
    </testcase>
  </testsuite>
</testsuites>